// Jest Snapshot v1, https://goo.gl/fbAQLP

exports[`test users list should render Liste of users 1`] = `
Object {
  "asFragment": [Function],
  "baseElement": <body>
    <div>
      <div
        class="Livreliste"
      >
        <div
          class="table-title"
        >
          <div
            class="row"
          >
            <div
              class="col-lg-9 col-md-9 col-sm-12"
            />
          </div>
        </div>
        <div
          class="contenu"
        >
          <div
            class="headerContenu"
          >
            <div>
              nom
            </div>
            <div>
              prenom
            </div>
            <div>
              Emprunts
            </div>
            <div>
              Banni
            </div>
          </div>
          <div
            class="BodyContenu"
          >
            <div
              class="User"
            >
              <div
                class="rowElement false"
              >
                <div>
                  marwen
                </div>
                <div>
                  hanzouli
                </div>
                <div>
                  <div
                    class="EmpruntsDetails"
                  >
                    <span
                      class="icons "
                    >
                      <svg
                        fill="currentColor"
                        height="1em"
                        stroke="currentColor"
                        stroke-width="0"
                        viewBox="0 0 512 512"
                        width="1em"
                        xmlns="http://www.w3.org/2000/svg"
                      >
                        <path
                          d="M255.8 112c-80.4 0-143.8 50.6-219.6 133.3-5.5 6.1-5.6 15.2-.1 21.3C101 338.3 158.2 400 255.8 400c96.4 0 168.7-77.7 220.1-134 5.3-5.8 5.6-14.6.5-20.7C424 181.8 351.5 112 255.8 112zm4.4 233.9c-53 2.4-96.6-41.2-94.1-94.1 2.1-46.2 39.5-83.6 85.7-85.7 53-2.4 96.6 41.2 94.1 94.1-2.1 46.2-39.5 83.6-85.7 85.7z"
                        />
                        <path
                          d="M256 209c0-6 1.1-11.7 3.1-16.9-1 0-2-.1-3.1-.1-36.9 0-66.6 31.4-63.8 68.9 2.4 31.3 27.6 56.5 58.9 58.9 37.5 2.8 68.9-26.9 68.9-63.8 0-1.3-.1-2.6-.1-3.9-5.6 2.5-11.7 3.9-18.2 3.9-25.2 0-45.7-21.1-45.7-47z"
                        />
                      </svg>
                    </span>
                  </div>
                </div>
                <div>
                  <svg
                    class="add iconbani"
                    fill="currentColor"
                    height="1em"
                    stroke="currentColor"
                    stroke-width="0"
                    viewBox="0 0 1024 1024"
                    width="1em"
                    xmlns="http://www.w3.org/2000/svg"
                  >
                    <path
                      d="M880 112H144c-17.7 0-32 14.3-32 32v736c0 17.7 14.3 32 32 32h736c17.7 0 32-14.3 32-32V144c0-17.7-14.3-32-32-32zM704 536c0 4.4-3.6 8-8 8H544v152c0 4.4-3.6 8-8 8h-48c-4.4 0-8-3.6-8-8V544H328c-4.4 0-8-3.6-8-8v-48c0-4.4 3.6-8 8-8h152V328c0-4.4 3.6-8 8-8h48c4.4 0 8 3.6 8 8v152h152c4.4 0 8 3.6 8 8v48z"
                    />
                  </svg>
                </div>
              </div>
            </div>
          </div>
        </div>
      </div>
    </div>
    <div
      class="toasts-container "
      style="bottom: 10px; right: 10px;"
    />
  </body>,
  "container": <div>
    <div
      class="Livreliste"
    >
      <div
        class="table-title"
      >
        <div
          class="row"
        >
          <div
            class="col-lg-9 col-md-9 col-sm-12"
          />
        </div>
      </div>
      <div
        class="contenu"
      >
        <div
          class="headerContenu"
        >
          <div>
            nom
          </div>
          <div>
            prenom
          </div>
          <div>
            Emprunts
          </div>
          <div>
            Banni
          </div>
        </div>
        <div
          class="BodyContenu"
        >
          <div
            class="User"
          >
            <div
              class="rowElement false"
            >
              <div>
                marwen
              </div>
              <div>
                hanzouli
              </div>
              <div>
                <div
                  class="EmpruntsDetails"
                >
                  <span
                    class="icons "
                  >
                    <svg
                      fill="currentColor"
                      height="1em"
                      stroke="currentColor"
                      stroke-width="0"
                      viewBox="0 0 512 512"
                      width="1em"
                      xmlns="http://www.w3.org/2000/svg"
                    >
                      <path
                        d="M255.8 112c-80.4 0-143.8 50.6-219.6 133.3-5.5 6.1-5.6 15.2-.1 21.3C101 338.3 158.2 400 255.8 400c96.4 0 168.7-77.7 220.1-134 5.3-5.8 5.6-14.6.5-20.7C424 181.8 351.5 112 255.8 112zm4.4 233.9c-53 2.4-96.6-41.2-94.1-94.1 2.1-46.2 39.5-83.6 85.7-85.7 53-2.4 96.6 41.2 94.1 94.1-2.1 46.2-39.5 83.6-85.7 85.7z"
                      />
                      <path
                        d="M256 209c0-6 1.1-11.7 3.1-16.9-1 0-2-.1-3.1-.1-36.9 0-66.6 31.4-63.8 68.9 2.4 31.3 27.6 56.5 58.9 58.9 37.5 2.8 68.9-26.9 68.9-63.8 0-1.3-.1-2.6-.1-3.9-5.6 2.5-11.7 3.9-18.2 3.9-25.2 0-45.7-21.1-45.7-47z"
                      />
                    </svg>
                  </span>
                </div>
              </div>
              <div>
                <svg
                  class="add iconbani"
                  fill="currentColor"
                  height="1em"
                  stroke="currentColor"
                  stroke-width="0"
                  viewBox="0 0 1024 1024"
                  width="1em"
                  xmlns="http://www.w3.org/2000/svg"
                >
                  <path
                    d="M880 112H144c-17.7 0-32 14.3-32 32v736c0 17.7 14.3 32 32 32h736c17.7 0 32-14.3 32-32V144c0-17.7-14.3-32-32-32zM704 536c0 4.4-3.6 8-8 8H544v152c0 4.4-3.6 8-8 8h-48c-4.4 0-8-3.6-8-8V544H328c-4.4 0-8-3.6-8-8v-48c0-4.4 3.6-8 8-8h152V328c0-4.4 3.6-8 8-8h48c4.4 0 8 3.6 8 8v152h152c4.4 0 8 3.6 8 8v48z"
                  />
                </svg>
              </div>
            </div>
          </div>
        </div>
      </div>
    </div>
  </div>,
  "debug": [Function],
  "findAllByAltText": [Function],
  "findAllByDisplayValue": [Function],
  "findAllByLabelText": [Function],
  "findAllByPlaceholderText": [Function],
  "findAllByRole": [Function],
  "findAllByTestId": [Function],
  "findAllByText": [Function],
  "findAllByTitle": [Function],
  "findByAltText": [Function],
  "findByDisplayValue": [Function],
  "findByLabelText": [Function],
  "findByPlaceholderText": [Function],
  "findByRole": [Function],
  "findByTestId": [Function],
  "findByText": [Function],
  "findByTitle": [Function],
  "getAllByAltText": [Function],
  "getAllByDisplayValue": [Function],
  "getAllByLabelText": [Function],
  "getAllByPlaceholderText": [Function],
  "getAllByRole": [Function],
  "getAllByTestId": [Function],
  "getAllByText": [Function],
  "getAllByTitle": [Function],
  "getByAltText": [Function],
  "getByDisplayValue": [Function],
  "getByLabelText": [Function],
  "getByPlaceholderText": [Function],
  "getByRole": [Function],
  "getByTestId": [Function],
  "getByText": [Function],
  "getByTitle": [Function],
  "queryAllByAltText": [Function],
  "queryAllByDisplayValue": [Function],
  "queryAllByLabelText": [Function],
  "queryAllByPlaceholderText": [Function],
  "queryAllByRole": [Function],
  "queryAllByTestId": [Function],
  "queryAllByText": [Function],
  "queryAllByTitle": [Function],
  "queryByAltText": [Function],
  "queryByDisplayValue": [Function],
  "queryByLabelText": [Function],
  "queryByPlaceholderText": [Function],
  "queryByRole": [Function],
  "queryByTestId": [Function],
  "queryByText": [Function],
  "queryByTitle": [Function],
  "rerender": [Function],
  "unmount": [Function],
}
`;
